// Jest Snapshot v1, https://goo.gl/fbAQLP

exports[`NotReady renders component 1`] = `
<div
  className="cover"
>
  <div
    className="loadingContainer"
  >
    <div
      className="loadingContainer"
    >
      <div
        className="loading"
      >
        <i />
        <i />
      </div>
    </div>
  </div>
</div>
`;

exports[`NotReady renders retry button if error 1`] = `
<div
  className="cover"
>
  <div
    className="loadingContainer"
  >
    <div
      className="retry"
    >
      <div
        className="label"
      >
        Oh no
      </div>
      <button
        className="link"
        onClick={[MockFunction retry]}
        type="button"
      >
        try_again
      </button>
    </div>
  </div>
</div>
`;
