// Jest Snapshot v1, https://goo.gl/fbAQLP

exports[`Timer renders component 1`] = `
<div
  className="timer"
>
  <span
    className="traitify--icon-fa"
    dangerouslySetInnerHTML={
      {
        "__html": "<svg aria-hidden="true" focusable="false" data-prefix="fas" data-icon="clock" class="svg-inline--fa fa-clock" role="img" xmlns="http://www.w3.org/2000/svg" viewBox="0 0 512 512"><path fill="currentColor" d="M256 512C114.6 512 0 397.4 0 256S114.6 0 256 0S512 114.6 512 256s-114.6 256-256 256zM232 120V256c0 8 4 15.5 10.7 20l96 64c11 7.4 25.9 4.4 33.3-6.7s4.4-25.9-6.7-33.3L280 243.2V120c0-13.3-10.7-24-24-24s-24 10.7-24 24z"></path></svg>",
      }
    }
  />
   
  25
  :
  00
</div>
`;

exports[`Timer renders component with no time remaining 1`] = `
<div
  className="timer"
>
  <span
    className="traitify--icon-fa"
    dangerouslySetInnerHTML={
      {
        "__html": "<svg aria-hidden="true" focusable="false" data-prefix="fas" data-icon="clock" class="svg-inline--fa fa-clock" role="img" xmlns="http://www.w3.org/2000/svg" viewBox="0 0 512 512"><path fill="currentColor" d="M256 512C114.6 512 0 397.4 0 256S114.6 0 256 0S512 114.6 512 256s-114.6 256-256 256zM232 120V256c0 8 4 15.5 10.7 20l96 64c11 7.4 25.9 4.4 33.3-6.7s4.4-25.9-6.7-33.3L280 243.2V120c0-13.3-10.7-24-24-24s-24 10.7-24 24z"></path></svg>",
      }
    }
  />
   
  0
  :
  00
</div>
`;

exports[`Timer renders component with time passed 1`] = `
<div
  className="timer"
>
  <span
    className="traitify--icon-fa"
    dangerouslySetInnerHTML={
      {
        "__html": "<svg aria-hidden="true" focusable="false" data-prefix="fas" data-icon="clock" class="svg-inline--fa fa-clock" role="img" xmlns="http://www.w3.org/2000/svg" viewBox="0 0 512 512"><path fill="currentColor" d="M256 512C114.6 512 0 397.4 0 256S114.6 0 256 0S512 114.6 512 256s-114.6 256-256 256zM232 120V256c0 8 4 15.5 10.7 20l96 64c11 7.4 25.9 4.4 33.3-6.7s4.4-25.9-6.7-33.3L280 243.2V120c0-13.3-10.7-24-24-24s-24 10.7-24 24z"></path></svg>",
      }
    }
  />
   
  24
  :
  58
</div>
`;

exports[`Timer updates component after 1 second 1`] = `
<div
  className="timer"
>
  <span
    className="traitify--icon-fa"
    dangerouslySetInnerHTML={
      {
        "__html": "<svg aria-hidden="true" focusable="false" data-prefix="fas" data-icon="clock" class="svg-inline--fa fa-clock" role="img" xmlns="http://www.w3.org/2000/svg" viewBox="0 0 512 512"><path fill="currentColor" d="M256 512C114.6 512 0 397.4 0 256S114.6 0 256 0S512 114.6 512 256s-114.6 256-256 256zM232 120V256c0 8 4 15.5 10.7 20l96 64c11 7.4 25.9 4.4 33.3-6.7s4.4-25.9-6.7-33.3L280 243.2V120c0-13.3-10.7-24-24-24s-24 10.7-24 24z"></path></svg>",
      }
    }
  />
   
  24
  :
  59
</div>
`;
