// Jest Snapshot v1, https://goo.gl/fbAQLP

exports[`PersonalityRecommendationChart renders component 1`] = `
<div
  className="container"
>
  <div
    className="ranks"
  >
    <div
      className="chartLegendContainer"
    >
      <div
        className="chartLegendColor"
        style={
          {
            "background": "#2FB855",
          }
        }
      />
      <div>
        Preferred
      </div>
    </div>
    <div
      className="chartLegendContainer"
    >
      <div
        className="chartLegendColor"
        style={
          {
            "background": "#FFA721",
          }
        }
      />
      <div>
        Acceptable
      </div>
    </div>
    <div
      className="chartLegendContainer"
    >
      <div
        className="chartLegendColor"
        style={
          {
            "background": "#EE5351",
          }
        }
      />
      <div>
        Potential Risk
      </div>
    </div>
  </div>
  <div
    className="vertical"
  >
    <div
      className="scale"
    >
      <div
        className="label"
      >
        <span>
          10
        </span>
      </div>
      <div
        className="label"
      >
        <span>
          9
        </span>
      </div>
      <div
        className="label"
      >
        <span>
          8
        </span>
      </div>
      <div
        className="label"
      >
        <span>
          7
        </span>
      </div>
      <div
        className="label"
      >
        <span>
          6
        </span>
      </div>
      <div
        className="label"
      >
        <span>
          5
        </span>
      </div>
      <div
        className="label"
      >
        <span>
          4
        </span>
      </div>
      <div
        className="label"
      >
        <span>
          3
        </span>
      </div>
      <div
        className="label"
      >
        <span>
          2
        </span>
      </div>
      <div
        className="label"
      >
        <span>
          1
        </span>
      </div>
    </div>
    <div
      className="column"
    >
      <div
        className="low"
        style={
          {
            "background": "#FFCC3B",
          }
        }
      />
      <div
        className="low"
        style={
          {
            "background": "#FFCC3B",
          }
        }
      />
      <div
        className="medium"
        style={
          {
            "background": "#EF615E",
          }
        }
      />
      <div
        className="high"
        style={
          {
            "background": "#29B770",
          }
        }
      />
      <div
        className="high"
        style={
          {
            "background": "#29B770",
          }
        }
      />
      <div
        className="high"
        style={
          {
            "background": "#29B770",
          }
        }
      />
      <div
        className="active high"
        style={
          {
            "background": "#29B770",
          }
        }
      />
      <div
        className="high"
        style={
          {
            "background": "#29B770",
          }
        }
      />
      <div
        className="high"
        style={
          {
            "background": "#29B770",
          }
        }
      />
      <div
        className="medium"
        style={
          {
            "background": "#EF615E",
          }
        }
      />
      <div
        className="name"
      >
        Solving Problems
      </div>
    </div>
    <div
      className="column"
    >
      <div
        className="medium"
        style={
          {
            "background": "#EF615E",
          }
        }
      />
      <div
        className="other"
        style={
          {
            "background": "black",
          }
        }
      />
      <div
        className="other"
        style={
          {
            "background": "black",
          }
        }
      />
      <div
        className="other"
        style={
          {
            "background": "black",
          }
        }
      />
      <div
        className="other"
        style={
          {
            "background": "black",
          }
        }
      />
      <div
        className="other"
        style={
          {
            "background": "black",
          }
        }
      />
      <div
        className="active other"
        style={
          {
            "background": "black",
          }
        }
      />
      <div
        className="low"
        style={
          {
            "background": "#FFCC3B",
          }
        }
      />
      <div
        className="low"
        style={
          {
            "background": "#FFCC3B",
          }
        }
      />
      <div
        className="low"
        style={
          {
            "background": "#FFCC3B",
          }
        }
      />
      <div
        className="name"
      >
        Delivering Results
      </div>
    </div>
    <div
      className="column"
    >
      <div
        className="medium"
        style={
          {
            "background": "#EF615E",
          }
        }
      />
      <div
        className="low"
        style={
          {
            "background": "#FFCC3B",
          }
        }
      />
      <div
        className="low"
        style={
          {
            "background": "#FFCC3B",
          }
        }
      />
      <div
        className="low"
        style={
          {
            "background": "#FFCC3B",
          }
        }
      />
      <div
        className="low"
        style={
          {
            "background": "#FFCC3B",
          }
        }
      />
      <div
        className="active low"
        style={
          {
            "background": "#FFCC3B",
          }
        }
      />
      <div
        className="low"
        style={
          {
            "background": "#FFCC3B",
          }
        }
      />
      <div
        className="high"
        style={
          {
            "background": "#29B770",
          }
        }
      />
      <div
        className="high"
        style={
          {
            "background": "#29B770",
          }
        }
      />
      <div
        className="high"
        style={
          {
            "background": "#29B770",
          }
        }
      />
      <div
        className="name"
      >
        Engaging with People
      </div>
    </div>
    <div
      className="column"
    >
      <div
        className="medium"
        style={
          {
            "background": "#EF615E",
          }
        }
      />
      <div
        className="medium"
        style={
          {
            "background": "#EF615E",
          }
        }
      />
      <div
        className="high"
        style={
          {
            "background": "#29B770",
          }
        }
      />
      <div
        className="high"
        style={
          {
            "background": "#29B770",
          }
        }
      />
      <div
        className="active high"
        style={
          {
            "background": "#29B770",
          }
        }
      />
      <div
        className="high"
        style={
          {
            "background": "#29B770",
          }
        }
      />
      <div
        className="high"
        style={
          {
            "background": "#29B770",
          }
        }
      />
      <div
        className="low"
        style={
          {
            "background": "#FFCC3B",
          }
        }
      />
      <div
        className="low"
        style={
          {
            "background": "#FFCC3B",
          }
        }
      />
      <div
        className="low"
        style={
          {
            "background": "#FFCC3B",
          }
        }
      />
      <div
        className="name"
      >
        Influencing People
      </div>
    </div>
    <div
      className="column"
    >
      <div
        className="medium"
        style={
          {
            "background": "#EF615E",
          }
        }
      />
      <div
        className="medium"
        style={
          {
            "background": "#EF615E",
          }
        }
      />
      <div
        className="medium"
        style={
          {
            "background": "#EF615E",
          }
        }
      />
      <div
        className="medium"
        style={
          {
            "background": "#EF615E",
          }
        }
      />
      <div
        className="medium"
        style={
          {
            "background": "#EF615E",
          }
        }
      />
      <div
        className="medium"
        style={
          {
            "background": "#EF615E",
          }
        }
      />
      <div
        className="active medium"
        style={
          {
            "background": "#EF615E",
          }
        }
      />
      <div
        className="low"
        style={
          {
            "background": "#FFCC3B",
          }
        }
      />
      <div
        className="low"
        style={
          {
            "background": "#FFCC3B",
          }
        }
      />
      <div
        className="low"
        style={
          {
            "background": "#FFCC3B",
          }
        }
      />
      <div
        className="name"
      >
        Managing Pressure
      </div>
    </div>
  </div>
  <div
    className="horizontal"
  >
    <div
      className="labels"
    >
      <div>
        Solving Problems
      </div>
      <div>
        Delivering Results
      </div>
      <div>
        Engaging with People
      </div>
      <div>
        Influencing People
      </div>
      <div>
        Managing Pressure
      </div>
    </div>
    <div
      className="chart"
    >
      <div
        className="grid"
      >
        <div
          className="row"
        >
          <div
            className="medium"
            style={
              {
                "background": "#EF615E",
              }
            }
          />
          <div
            className="high"
            style={
              {
                "background": "#29B770",
              }
            }
          />
          <div
            className="high"
            style={
              {
                "background": "#29B770",
              }
            }
          />
          <div
            className="active high"
            style={
              {
                "background": "#29B770",
              }
            }
          />
          <div
            className="high"
            style={
              {
                "background": "#29B770",
              }
            }
          />
          <div
            className="high"
            style={
              {
                "background": "#29B770",
              }
            }
          />
          <div
            className="high"
            style={
              {
                "background": "#29B770",
              }
            }
          />
          <div
            className="medium"
            style={
              {
                "background": "#EF615E",
              }
            }
          />
          <div
            className="low"
            style={
              {
                "background": "#FFCC3B",
              }
            }
          />
          <div
            className="low"
            style={
              {
                "background": "#FFCC3B",
              }
            }
          />
        </div>
        <div
          className="row"
        >
          <div
            className="low"
            style={
              {
                "background": "#FFCC3B",
              }
            }
          />
          <div
            className="low"
            style={
              {
                "background": "#FFCC3B",
              }
            }
          />
          <div
            className="low"
            style={
              {
                "background": "#FFCC3B",
              }
            }
          />
          <div
            className="active other"
            style={
              {
                "background": "black",
              }
            }
          />
          <div
            className="other"
            style={
              {
                "background": "black",
              }
            }
          />
          <div
            className="other"
            style={
              {
                "background": "black",
              }
            }
          />
          <div
            className="other"
            style={
              {
                "background": "black",
              }
            }
          />
          <div
            className="other"
            style={
              {
                "background": "black",
              }
            }
          />
          <div
            className="other"
            style={
              {
                "background": "black",
              }
            }
          />
          <div
            className="medium"
            style={
              {
                "background": "#EF615E",
              }
            }
          />
        </div>
        <div
          className="row"
        >
          <div
            className="high"
            style={
              {
                "background": "#29B770",
              }
            }
          />
          <div
            className="high"
            style={
              {
                "background": "#29B770",
              }
            }
          />
          <div
            className="high"
            style={
              {
                "background": "#29B770",
              }
            }
          />
          <div
            className="low"
            style={
              {
                "background": "#FFCC3B",
              }
            }
          />
          <div
            className="active low"
            style={
              {
                "background": "#FFCC3B",
              }
            }
          />
          <div
            className="low"
            style={
              {
                "background": "#FFCC3B",
              }
            }
          />
          <div
            className="low"
            style={
              {
                "background": "#FFCC3B",
              }
            }
          />
          <div
            className="low"
            style={
              {
                "background": "#FFCC3B",
              }
            }
          />
          <div
            className="low"
            style={
              {
                "background": "#FFCC3B",
              }
            }
          />
          <div
            className="medium"
            style={
              {
                "background": "#EF615E",
              }
            }
          />
        </div>
        <div
          className="row"
        >
          <div
            className="low"
            style={
              {
                "background": "#FFCC3B",
              }
            }
          />
          <div
            className="low"
            style={
              {
                "background": "#FFCC3B",
              }
            }
          />
          <div
            className="low"
            style={
              {
                "background": "#FFCC3B",
              }
            }
          />
          <div
            className="high"
            style={
              {
                "background": "#29B770",
              }
            }
          />
          <div
            className="high"
            style={
              {
                "background": "#29B770",
              }
            }
          />
          <div
            className="active high"
            style={
              {
                "background": "#29B770",
              }
            }
          />
          <div
            className="high"
            style={
              {
                "background": "#29B770",
              }
            }
          />
          <div
            className="high"
            style={
              {
                "background": "#29B770",
              }
            }
          />
          <div
            className="medium"
            style={
              {
                "background": "#EF615E",
              }
            }
          />
          <div
            className="medium"
            style={
              {
                "background": "#EF615E",
              }
            }
          />
        </div>
        <div
          className="row"
        >
          <div
            className="low"
            style={
              {
                "background": "#FFCC3B",
              }
            }
          />
          <div
            className="low"
            style={
              {
                "background": "#FFCC3B",
              }
            }
          />
          <div
            className="low"
            style={
              {
                "background": "#FFCC3B",
              }
            }
          />
          <div
            className="active medium"
            style={
              {
                "background": "#EF615E",
              }
            }
          />
          <div
            className="medium"
            style={
              {
                "background": "#EF615E",
              }
            }
          />
          <div
            className="medium"
            style={
              {
                "background": "#EF615E",
              }
            }
          />
          <div
            className="medium"
            style={
              {
                "background": "#EF615E",
              }
            }
          />
          <div
            className="medium"
            style={
              {
                "background": "#EF615E",
              }
            }
          />
          <div
            className="medium"
            style={
              {
                "background": "#EF615E",
              }
            }
          />
          <div
            className="medium"
            style={
              {
                "background": "#EF615E",
              }
            }
          />
        </div>
      </div>
      <div
        className="scale"
      >
        <div>
          1
        </div>
        <div>
          2
        </div>
        <div>
          3
        </div>
        <div>
          4
        </div>
        <div>
          5
        </div>
        <div>
          6
        </div>
        <div>
          7
        </div>
        <div>
          8
        </div>
        <div>
          9
        </div>
        <div>
          10
        </div>
      </div>
    </div>
  </div>
</div>
`;

exports[`PersonalityRecommendationChart renders component if benchmark not ready 1`] = `
<div
  className="container"
>
  <div
    className="ranks"
  />
  <div
    className="vertical"
  >
    <div
      className="scale"
    >
      <div
        className="label"
      >
        <span>
          10
        </span>
      </div>
      <div
        className="label"
      >
        <span>
          9
        </span>
      </div>
      <div
        className="label"
      >
        <span>
          8
        </span>
      </div>
      <div
        className="label"
      >
        <span>
          7
        </span>
      </div>
      <div
        className="label"
      >
        <span>
          6
        </span>
      </div>
      <div
        className="label"
      >
        <span>
          5
        </span>
      </div>
      <div
        className="label"
      >
        <span>
          4
        </span>
      </div>
      <div
        className="label"
      >
        <span>
          3
        </span>
      </div>
      <div
        className="label"
      >
        <span>
          2
        </span>
      </div>
      <div
        className="label"
      >
        <span>
          1
        </span>
      </div>
    </div>
    <div
      className="column"
    >
      <div
        className="high"
        style={
          {
            "background": "#29B770",
          }
        }
      />
      <div
        className="high"
        style={
          {
            "background": "#29B770",
          }
        }
      />
      <div
        className="high"
        style={
          {
            "background": "#29B770",
          }
        }
      />
      <div
        className="high"
        style={
          {
            "background": "#29B770",
          }
        }
      />
      <div
        className="medium"
        style={
          {
            "background": "#FFCC3B",
          }
        }
      />
      <div
        className="medium"
        style={
          {
            "background": "#FFCC3B",
          }
        }
      />
      <div
        className="active medium"
        style={
          {
            "background": "#FFCC3B",
          }
        }
      />
      <div
        className="low"
        style={
          {
            "background": "#EF615E",
          }
        }
      />
      <div
        className="low"
        style={
          {
            "background": "#EF615E",
          }
        }
      />
      <div
        className="low"
        style={
          {
            "background": "#EF615E",
          }
        }
      />
      <div
        className="name"
      >
        Solving Problems
      </div>
    </div>
    <div
      className="column"
    >
      <div
        className="high"
        style={
          {
            "background": "#29B770",
          }
        }
      />
      <div
        className="high"
        style={
          {
            "background": "#29B770",
          }
        }
      />
      <div
        className="high"
        style={
          {
            "background": "#29B770",
          }
        }
      />
      <div
        className="high"
        style={
          {
            "background": "#29B770",
          }
        }
      />
      <div
        className="medium"
        style={
          {
            "background": "#FFCC3B",
          }
        }
      />
      <div
        className="medium"
        style={
          {
            "background": "#FFCC3B",
          }
        }
      />
      <div
        className="active medium"
        style={
          {
            "background": "#FFCC3B",
          }
        }
      />
      <div
        className="low"
        style={
          {
            "background": "#EF615E",
          }
        }
      />
      <div
        className="low"
        style={
          {
            "background": "#EF615E",
          }
        }
      />
      <div
        className="low"
        style={
          {
            "background": "#EF615E",
          }
        }
      />
      <div
        className="name"
      >
        Delivering Results
      </div>
    </div>
    <div
      className="column"
    >
      <div
        className="high"
        style={
          {
            "background": "#29B770",
          }
        }
      />
      <div
        className="high"
        style={
          {
            "background": "#29B770",
          }
        }
      />
      <div
        className="high"
        style={
          {
            "background": "#29B770",
          }
        }
      />
      <div
        className="high"
        style={
          {
            "background": "#29B770",
          }
        }
      />
      <div
        className="medium"
        style={
          {
            "background": "#FFCC3B",
          }
        }
      />
      <div
        className="active medium"
        style={
          {
            "background": "#FFCC3B",
          }
        }
      />
      <div
        className="medium"
        style={
          {
            "background": "#FFCC3B",
          }
        }
      />
      <div
        className="low"
        style={
          {
            "background": "#EF615E",
          }
        }
      />
      <div
        className="low"
        style={
          {
            "background": "#EF615E",
          }
        }
      />
      <div
        className="low"
        style={
          {
            "background": "#EF615E",
          }
        }
      />
      <div
        className="name"
      >
        Engaging with People
      </div>
    </div>
    <div
      className="column"
    >
      <div
        className="high"
        style={
          {
            "background": "#29B770",
          }
        }
      />
      <div
        className="high"
        style={
          {
            "background": "#29B770",
          }
        }
      />
      <div
        className="high"
        style={
          {
            "background": "#29B770",
          }
        }
      />
      <div
        className="high"
        style={
          {
            "background": "#29B770",
          }
        }
      />
      <div
        className="active medium"
        style={
          {
            "background": "#FFCC3B",
          }
        }
      />
      <div
        className="medium"
        style={
          {
            "background": "#FFCC3B",
          }
        }
      />
      <div
        className="medium"
        style={
          {
            "background": "#FFCC3B",
          }
        }
      />
      <div
        className="low"
        style={
          {
            "background": "#EF615E",
          }
        }
      />
      <div
        className="low"
        style={
          {
            "background": "#EF615E",
          }
        }
      />
      <div
        className="low"
        style={
          {
            "background": "#EF615E",
          }
        }
      />
      <div
        className="name"
      >
        Influencing People
      </div>
    </div>
    <div
      className="column"
    >
      <div
        className="high"
        style={
          {
            "background": "#29B770",
          }
        }
      />
      <div
        className="high"
        style={
          {
            "background": "#29B770",
          }
        }
      />
      <div
        className="high"
        style={
          {
            "background": "#29B770",
          }
        }
      />
      <div
        className="high"
        style={
          {
            "background": "#29B770",
          }
        }
      />
      <div
        className="medium"
        style={
          {
            "background": "#FFCC3B",
          }
        }
      />
      <div
        className="medium"
        style={
          {
            "background": "#FFCC3B",
          }
        }
      />
      <div
        className="active medium"
        style={
          {
            "background": "#FFCC3B",
          }
        }
      />
      <div
        className="low"
        style={
          {
            "background": "#EF615E",
          }
        }
      />
      <div
        className="low"
        style={
          {
            "background": "#EF615E",
          }
        }
      />
      <div
        className="low"
        style={
          {
            "background": "#EF615E",
          }
        }
      />
      <div
        className="name"
      >
        Managing Pressure
      </div>
    </div>
  </div>
  <div
    className="horizontal"
  >
    <div
      className="labels"
    >
      <div>
        Solving Problems
      </div>
      <div>
        Delivering Results
      </div>
      <div>
        Engaging with People
      </div>
      <div>
        Influencing People
      </div>
      <div>
        Managing Pressure
      </div>
    </div>
    <div
      className="chart"
    >
      <div
        className="grid"
      >
        <div
          className="row"
        >
          <div
            className="low"
            style={
              {
                "background": "#EF615E",
              }
            }
          />
          <div
            className="low"
            style={
              {
                "background": "#EF615E",
              }
            }
          />
          <div
            className="low"
            style={
              {
                "background": "#EF615E",
              }
            }
          />
          <div
            className="active medium"
            style={
              {
                "background": "#FFCC3B",
              }
            }
          />
          <div
            className="medium"
            style={
              {
                "background": "#FFCC3B",
              }
            }
          />
          <div
            className="medium"
            style={
              {
                "background": "#FFCC3B",
              }
            }
          />
          <div
            className="high"
            style={
              {
                "background": "#29B770",
              }
            }
          />
          <div
            className="high"
            style={
              {
                "background": "#29B770",
              }
            }
          />
          <div
            className="high"
            style={
              {
                "background": "#29B770",
              }
            }
          />
          <div
            className="high"
            style={
              {
                "background": "#29B770",
              }
            }
          />
        </div>
        <div
          className="row"
        >
          <div
            className="low"
            style={
              {
                "background": "#EF615E",
              }
            }
          />
          <div
            className="low"
            style={
              {
                "background": "#EF615E",
              }
            }
          />
          <div
            className="low"
            style={
              {
                "background": "#EF615E",
              }
            }
          />
          <div
            className="active medium"
            style={
              {
                "background": "#FFCC3B",
              }
            }
          />
          <div
            className="medium"
            style={
              {
                "background": "#FFCC3B",
              }
            }
          />
          <div
            className="medium"
            style={
              {
                "background": "#FFCC3B",
              }
            }
          />
          <div
            className="high"
            style={
              {
                "background": "#29B770",
              }
            }
          />
          <div
            className="high"
            style={
              {
                "background": "#29B770",
              }
            }
          />
          <div
            className="high"
            style={
              {
                "background": "#29B770",
              }
            }
          />
          <div
            className="high"
            style={
              {
                "background": "#29B770",
              }
            }
          />
        </div>
        <div
          className="row"
        >
          <div
            className="low"
            style={
              {
                "background": "#EF615E",
              }
            }
          />
          <div
            className="low"
            style={
              {
                "background": "#EF615E",
              }
            }
          />
          <div
            className="low"
            style={
              {
                "background": "#EF615E",
              }
            }
          />
          <div
            className="medium"
            style={
              {
                "background": "#FFCC3B",
              }
            }
          />
          <div
            className="active medium"
            style={
              {
                "background": "#FFCC3B",
              }
            }
          />
          <div
            className="medium"
            style={
              {
                "background": "#FFCC3B",
              }
            }
          />
          <div
            className="high"
            style={
              {
                "background": "#29B770",
              }
            }
          />
          <div
            className="high"
            style={
              {
                "background": "#29B770",
              }
            }
          />
          <div
            className="high"
            style={
              {
                "background": "#29B770",
              }
            }
          />
          <div
            className="high"
            style={
              {
                "background": "#29B770",
              }
            }
          />
        </div>
        <div
          className="row"
        >
          <div
            className="low"
            style={
              {
                "background": "#EF615E",
              }
            }
          />
          <div
            className="low"
            style={
              {
                "background": "#EF615E",
              }
            }
          />
          <div
            className="low"
            style={
              {
                "background": "#EF615E",
              }
            }
          />
          <div
            className="medium"
            style={
              {
                "background": "#FFCC3B",
              }
            }
          />
          <div
            className="medium"
            style={
              {
                "background": "#FFCC3B",
              }
            }
          />
          <div
            className="active medium"
            style={
              {
                "background": "#FFCC3B",
              }
            }
          />
          <div
            className="high"
            style={
              {
                "background": "#29B770",
              }
            }
          />
          <div
            className="high"
            style={
              {
                "background": "#29B770",
              }
            }
          />
          <div
            className="high"
            style={
              {
                "background": "#29B770",
              }
            }
          />
          <div
            className="high"
            style={
              {
                "background": "#29B770",
              }
            }
          />
        </div>
        <div
          className="row"
        >
          <div
            className="low"
            style={
              {
                "background": "#EF615E",
              }
            }
          />
          <div
            className="low"
            style={
              {
                "background": "#EF615E",
              }
            }
          />
          <div
            className="low"
            style={
              {
                "background": "#EF615E",
              }
            }
          />
          <div
            className="active medium"
            style={
              {
                "background": "#FFCC3B",
              }
            }
          />
          <div
            className="medium"
            style={
              {
                "background": "#FFCC3B",
              }
            }
          />
          <div
            className="medium"
            style={
              {
                "background": "#FFCC3B",
              }
            }
          />
          <div
            className="high"
            style={
              {
                "background": "#29B770",
              }
            }
          />
          <div
            className="high"
            style={
              {
                "background": "#29B770",
              }
            }
          />
          <div
            className="high"
            style={
              {
                "background": "#29B770",
              }
            }
          />
          <div
            className="high"
            style={
              {
                "background": "#29B770",
              }
            }
          />
        </div>
      </div>
      <div
        className="scale"
      >
        <div>
          1
        </div>
        <div>
          2
        </div>
        <div>
          3
        </div>
        <div>
          4
        </div>
        <div>
          5
        </div>
        <div>
          6
        </div>
        <div>
          7
        </div>
        <div>
          8
        </div>
        <div>
          9
        </div>
        <div>
          10
        </div>
      </div>
    </div>
  </div>
</div>
`;

exports[`PersonalityRecommendationChart renders component with combined prop 1`] = `
<div
  className="container combined"
>
  <div
    className="ranks"
  >
    <div
      className="chartLegendContainer"
    >
      <div
        className="chartLegendColor"
        style={
          {
            "background": "#2FB855",
          }
        }
      />
      <div>
        Preferred
      </div>
    </div>
    <div
      className="chartLegendContainer"
    >
      <div
        className="chartLegendColor"
        style={
          {
            "background": "#FFA721",
          }
        }
      />
      <div>
        Acceptable
      </div>
    </div>
    <div
      className="chartLegendContainer"
    >
      <div
        className="chartLegendColor"
        style={
          {
            "background": "#EE5351",
          }
        }
      />
      <div>
        Potential Risk
      </div>
    </div>
  </div>
  <div
    className="vertical"
  >
    <div
      className="scale"
    >
      <div
        className="label"
      >
        <span>
          10
        </span>
      </div>
      <div
        className="label"
      >
        <span>
          9
        </span>
      </div>
      <div
        className="label"
      >
        <span>
          8
        </span>
      </div>
      <div
        className="label"
      >
        <span>
          7
        </span>
      </div>
      <div
        className="label"
      >
        <span>
          6
        </span>
      </div>
      <div
        className="label"
      >
        <span>
          5
        </span>
      </div>
      <div
        className="label"
      >
        <span>
          4
        </span>
      </div>
      <div
        className="label"
      >
        <span>
          3
        </span>
      </div>
      <div
        className="label"
      >
        <span>
          2
        </span>
      </div>
      <div
        className="label"
      >
        <span>
          1
        </span>
      </div>
    </div>
    <div
      className="column"
    >
      <div
        className="low"
        style={
          {
            "background": "#FFCC3B",
          }
        }
      />
      <div
        className="low"
        style={
          {
            "background": "#FFCC3B",
          }
        }
      />
      <div
        className="medium"
        style={
          {
            "background": "#EF615E",
          }
        }
      />
      <div
        className="high"
        style={
          {
            "background": "#29B770",
          }
        }
      />
      <div
        className="high"
        style={
          {
            "background": "#29B770",
          }
        }
      />
      <div
        className="high"
        style={
          {
            "background": "#29B770",
          }
        }
      />
      <div
        className="active high"
        style={
          {
            "background": "#29B770",
          }
        }
      />
      <div
        className="high"
        style={
          {
            "background": "#29B770",
          }
        }
      />
      <div
        className="high"
        style={
          {
            "background": "#29B770",
          }
        }
      />
      <div
        className="medium"
        style={
          {
            "background": "#EF615E",
          }
        }
      />
      <div
        className="name"
      >
        Solving Problems
      </div>
    </div>
    <div
      className="column"
    >
      <div
        className="medium"
        style={
          {
            "background": "#EF615E",
          }
        }
      />
      <div
        className="other"
        style={
          {
            "background": "black",
          }
        }
      />
      <div
        className="other"
        style={
          {
            "background": "black",
          }
        }
      />
      <div
        className="other"
        style={
          {
            "background": "black",
          }
        }
      />
      <div
        className="other"
        style={
          {
            "background": "black",
          }
        }
      />
      <div
        className="other"
        style={
          {
            "background": "black",
          }
        }
      />
      <div
        className="active other"
        style={
          {
            "background": "black",
          }
        }
      />
      <div
        className="low"
        style={
          {
            "background": "#FFCC3B",
          }
        }
      />
      <div
        className="low"
        style={
          {
            "background": "#FFCC3B",
          }
        }
      />
      <div
        className="low"
        style={
          {
            "background": "#FFCC3B",
          }
        }
      />
      <div
        className="name"
      >
        Delivering Results
      </div>
    </div>
    <div
      className="column"
    >
      <div
        className="medium"
        style={
          {
            "background": "#EF615E",
          }
        }
      />
      <div
        className="low"
        style={
          {
            "background": "#FFCC3B",
          }
        }
      />
      <div
        className="low"
        style={
          {
            "background": "#FFCC3B",
          }
        }
      />
      <div
        className="low"
        style={
          {
            "background": "#FFCC3B",
          }
        }
      />
      <div
        className="low"
        style={
          {
            "background": "#FFCC3B",
          }
        }
      />
      <div
        className="active low"
        style={
          {
            "background": "#FFCC3B",
          }
        }
      />
      <div
        className="low"
        style={
          {
            "background": "#FFCC3B",
          }
        }
      />
      <div
        className="high"
        style={
          {
            "background": "#29B770",
          }
        }
      />
      <div
        className="high"
        style={
          {
            "background": "#29B770",
          }
        }
      />
      <div
        className="high"
        style={
          {
            "background": "#29B770",
          }
        }
      />
      <div
        className="name"
      >
        Engaging with People
      </div>
    </div>
    <div
      className="column"
    >
      <div
        className="medium"
        style={
          {
            "background": "#EF615E",
          }
        }
      />
      <div
        className="medium"
        style={
          {
            "background": "#EF615E",
          }
        }
      />
      <div
        className="high"
        style={
          {
            "background": "#29B770",
          }
        }
      />
      <div
        className="high"
        style={
          {
            "background": "#29B770",
          }
        }
      />
      <div
        className="active high"
        style={
          {
            "background": "#29B770",
          }
        }
      />
      <div
        className="high"
        style={
          {
            "background": "#29B770",
          }
        }
      />
      <div
        className="high"
        style={
          {
            "background": "#29B770",
          }
        }
      />
      <div
        className="low"
        style={
          {
            "background": "#FFCC3B",
          }
        }
      />
      <div
        className="low"
        style={
          {
            "background": "#FFCC3B",
          }
        }
      />
      <div
        className="low"
        style={
          {
            "background": "#FFCC3B",
          }
        }
      />
      <div
        className="name"
      >
        Influencing People
      </div>
    </div>
    <div
      className="column"
    >
      <div
        className="medium"
        style={
          {
            "background": "#EF615E",
          }
        }
      />
      <div
        className="medium"
        style={
          {
            "background": "#EF615E",
          }
        }
      />
      <div
        className="medium"
        style={
          {
            "background": "#EF615E",
          }
        }
      />
      <div
        className="medium"
        style={
          {
            "background": "#EF615E",
          }
        }
      />
      <div
        className="medium"
        style={
          {
            "background": "#EF615E",
          }
        }
      />
      <div
        className="medium"
        style={
          {
            "background": "#EF615E",
          }
        }
      />
      <div
        className="active medium"
        style={
          {
            "background": "#EF615E",
          }
        }
      />
      <div
        className="low"
        style={
          {
            "background": "#FFCC3B",
          }
        }
      />
      <div
        className="low"
        style={
          {
            "background": "#FFCC3B",
          }
        }
      />
      <div
        className="low"
        style={
          {
            "background": "#FFCC3B",
          }
        }
      />
      <div
        className="name"
      >
        Managing Pressure
      </div>
    </div>
  </div>
  <div
    className="horizontal"
  >
    <div
      className="labels"
    >
      <div>
        Solving Problems
      </div>
      <div>
        Delivering Results
      </div>
      <div>
        Engaging with People
      </div>
      <div>
        Influencing People
      </div>
      <div>
        Managing Pressure
      </div>
    </div>
    <div
      className="chart"
    >
      <div
        className="grid"
      >
        <div
          className="row"
        >
          <div
            className="medium"
            style={
              {
                "background": "#EF615E",
              }
            }
          />
          <div
            className="high"
            style={
              {
                "background": "#29B770",
              }
            }
          />
          <div
            className="high"
            style={
              {
                "background": "#29B770",
              }
            }
          />
          <div
            className="active high"
            style={
              {
                "background": "#29B770",
              }
            }
          />
          <div
            className="high"
            style={
              {
                "background": "#29B770",
              }
            }
          />
          <div
            className="high"
            style={
              {
                "background": "#29B770",
              }
            }
          />
          <div
            className="high"
            style={
              {
                "background": "#29B770",
              }
            }
          />
          <div
            className="medium"
            style={
              {
                "background": "#EF615E",
              }
            }
          />
          <div
            className="low"
            style={
              {
                "background": "#FFCC3B",
              }
            }
          />
          <div
            className="low"
            style={
              {
                "background": "#FFCC3B",
              }
            }
          />
        </div>
        <div
          className="row"
        >
          <div
            className="low"
            style={
              {
                "background": "#FFCC3B",
              }
            }
          />
          <div
            className="low"
            style={
              {
                "background": "#FFCC3B",
              }
            }
          />
          <div
            className="low"
            style={
              {
                "background": "#FFCC3B",
              }
            }
          />
          <div
            className="active other"
            style={
              {
                "background": "black",
              }
            }
          />
          <div
            className="other"
            style={
              {
                "background": "black",
              }
            }
          />
          <div
            className="other"
            style={
              {
                "background": "black",
              }
            }
          />
          <div
            className="other"
            style={
              {
                "background": "black",
              }
            }
          />
          <div
            className="other"
            style={
              {
                "background": "black",
              }
            }
          />
          <div
            className="other"
            style={
              {
                "background": "black",
              }
            }
          />
          <div
            className="medium"
            style={
              {
                "background": "#EF615E",
              }
            }
          />
        </div>
        <div
          className="row"
        >
          <div
            className="high"
            style={
              {
                "background": "#29B770",
              }
            }
          />
          <div
            className="high"
            style={
              {
                "background": "#29B770",
              }
            }
          />
          <div
            className="high"
            style={
              {
                "background": "#29B770",
              }
            }
          />
          <div
            className="low"
            style={
              {
                "background": "#FFCC3B",
              }
            }
          />
          <div
            className="active low"
            style={
              {
                "background": "#FFCC3B",
              }
            }
          />
          <div
            className="low"
            style={
              {
                "background": "#FFCC3B",
              }
            }
          />
          <div
            className="low"
            style={
              {
                "background": "#FFCC3B",
              }
            }
          />
          <div
            className="low"
            style={
              {
                "background": "#FFCC3B",
              }
            }
          />
          <div
            className="low"
            style={
              {
                "background": "#FFCC3B",
              }
            }
          />
          <div
            className="medium"
            style={
              {
                "background": "#EF615E",
              }
            }
          />
        </div>
        <div
          className="row"
        >
          <div
            className="low"
            style={
              {
                "background": "#FFCC3B",
              }
            }
          />
          <div
            className="low"
            style={
              {
                "background": "#FFCC3B",
              }
            }
          />
          <div
            className="low"
            style={
              {
                "background": "#FFCC3B",
              }
            }
          />
          <div
            className="high"
            style={
              {
                "background": "#29B770",
              }
            }
          />
          <div
            className="high"
            style={
              {
                "background": "#29B770",
              }
            }
          />
          <div
            className="active high"
            style={
              {
                "background": "#29B770",
              }
            }
          />
          <div
            className="high"
            style={
              {
                "background": "#29B770",
              }
            }
          />
          <div
            className="high"
            style={
              {
                "background": "#29B770",
              }
            }
          />
          <div
            className="medium"
            style={
              {
                "background": "#EF615E",
              }
            }
          />
          <div
            className="medium"
            style={
              {
                "background": "#EF615E",
              }
            }
          />
        </div>
        <div
          className="row"
        >
          <div
            className="low"
            style={
              {
                "background": "#FFCC3B",
              }
            }
          />
          <div
            className="low"
            style={
              {
                "background": "#FFCC3B",
              }
            }
          />
          <div
            className="low"
            style={
              {
                "background": "#FFCC3B",
              }
            }
          />
          <div
            className="active medium"
            style={
              {
                "background": "#EF615E",
              }
            }
          />
          <div
            className="medium"
            style={
              {
                "background": "#EF615E",
              }
            }
          />
          <div
            className="medium"
            style={
              {
                "background": "#EF615E",
              }
            }
          />
          <div
            className="medium"
            style={
              {
                "background": "#EF615E",
              }
            }
          />
          <div
            className="medium"
            style={
              {
                "background": "#EF615E",
              }
            }
          />
          <div
            className="medium"
            style={
              {
                "background": "#EF615E",
              }
            }
          />
          <div
            className="medium"
            style={
              {
                "background": "#EF615E",
              }
            }
          />
        </div>
      </div>
      <div
        className="scale"
      >
        <div>
          1
        </div>
        <div>
          2
        </div>
        <div>
          3
        </div>
        <div>
          4
        </div>
        <div>
          5
        </div>
        <div>
          6
        </div>
        <div>
          7
        </div>
        <div>
          8
        </div>
        <div>
          9
        </div>
        <div>
          10
        </div>
      </div>
    </div>
  </div>
</div>
`;

exports[`PersonalityRecommendationChart renders nothing if disabled 1`] = `null`;

exports[`PersonalityRecommendationChart renders nothing if guide not ready 1`] = `null`;

exports[`PersonalityRecommendationChart renders nothing if no competencies 1`] = `null`;

exports[`PersonalityRecommendationChart renders nothing if results not ready 1`] = `null`;

exports[`PersonalityRecommendationChart update sets the data if the benchmark changes 1`] = `
<div
  className="container"
>
  <div
    className="ranks"
  >
    <div
      className="chartLegendContainer"
    >
      <div
        className="chartLegendColor"
        style={
          {
            "background": "#2FB855",
          }
        }
      />
      <div>
        Preferred
      </div>
    </div>
    <div
      className="chartLegendContainer"
    >
      <div
        className="chartLegendColor"
        style={
          {
            "background": "#FFA721",
          }
        }
      />
      <div>
        Acceptable
      </div>
    </div>
    <div
      className="chartLegendContainer"
    >
      <div
        className="chartLegendColor"
        style={
          {
            "background": "#EE5351",
          }
        }
      />
      <div>
        Potential Risk
      </div>
    </div>
  </div>
  <div
    className="vertical"
  >
    <div
      className="scale"
    >
      <div
        className="label"
      >
        <span>
          10
        </span>
      </div>
      <div
        className="label"
      >
        <span>
          9
        </span>
      </div>
      <div
        className="label"
      >
        <span>
          8
        </span>
      </div>
      <div
        className="label"
      >
        <span>
          7
        </span>
      </div>
      <div
        className="label"
      >
        <span>
          6
        </span>
      </div>
      <div
        className="label"
      >
        <span>
          5
        </span>
      </div>
      <div
        className="label"
      >
        <span>
          4
        </span>
      </div>
      <div
        className="label"
      >
        <span>
          3
        </span>
      </div>
      <div
        className="label"
      >
        <span>
          2
        </span>
      </div>
      <div
        className="label"
      >
        <span>
          1
        </span>
      </div>
    </div>
    <div
      className="column"
    >
      <div
        className="low"
        style={
          {
            "background": "#FFCC3B",
          }
        }
      />
      <div
        className="low"
        style={
          {
            "background": "#FFCC3B",
          }
        }
      />
      <div
        className="medium"
        style={
          {
            "background": "#EF615E",
          }
        }
      />
      <div
        className="high"
        style={
          {
            "background": "#29B770",
          }
        }
      />
      <div
        className="high"
        style={
          {
            "background": "#29B770",
          }
        }
      />
      <div
        className="high"
        style={
          {
            "background": "#29B770",
          }
        }
      />
      <div
        className="active high"
        style={
          {
            "background": "#29B770",
          }
        }
      />
      <div
        className="high"
        style={
          {
            "background": "#29B770",
          }
        }
      />
      <div
        className="high"
        style={
          {
            "background": "#29B770",
          }
        }
      />
      <div
        className="medium"
        style={
          {
            "background": "#EF615E",
          }
        }
      />
      <div
        className="name"
      >
        Solving Problems
      </div>
    </div>
    <div
      className="column"
    >
      <div
        className="medium"
        style={
          {
            "background": "#EF615E",
          }
        }
      />
      <div
        className="other"
        style={
          {
            "background": "black",
          }
        }
      />
      <div
        className="other"
        style={
          {
            "background": "black",
          }
        }
      />
      <div
        className="other"
        style={
          {
            "background": "black",
          }
        }
      />
      <div
        className="other"
        style={
          {
            "background": "black",
          }
        }
      />
      <div
        className="other"
        style={
          {
            "background": "black",
          }
        }
      />
      <div
        className="active other"
        style={
          {
            "background": "black",
          }
        }
      />
      <div
        className="low"
        style={
          {
            "background": "#FFCC3B",
          }
        }
      />
      <div
        className="low"
        style={
          {
            "background": "#FFCC3B",
          }
        }
      />
      <div
        className="low"
        style={
          {
            "background": "#FFCC3B",
          }
        }
      />
      <div
        className="name"
      >
        Delivering Results
      </div>
    </div>
    <div
      className="column"
    >
      <div
        className="medium"
        style={
          {
            "background": "#EF615E",
          }
        }
      />
      <div
        className="low"
        style={
          {
            "background": "#FFCC3B",
          }
        }
      />
      <div
        className="low"
        style={
          {
            "background": "#FFCC3B",
          }
        }
      />
      <div
        className="low"
        style={
          {
            "background": "#FFCC3B",
          }
        }
      />
      <div
        className="low"
        style={
          {
            "background": "#FFCC3B",
          }
        }
      />
      <div
        className="active low"
        style={
          {
            "background": "#FFCC3B",
          }
        }
      />
      <div
        className="low"
        style={
          {
            "background": "#FFCC3B",
          }
        }
      />
      <div
        className="high"
        style={
          {
            "background": "#29B770",
          }
        }
      />
      <div
        className="high"
        style={
          {
            "background": "#29B770",
          }
        }
      />
      <div
        className="high"
        style={
          {
            "background": "#29B770",
          }
        }
      />
      <div
        className="name"
      >
        Engaging with People
      </div>
    </div>
    <div
      className="column"
    >
      <div
        className="medium"
        style={
          {
            "background": "#EF615E",
          }
        }
      />
      <div
        className="medium"
        style={
          {
            "background": "#EF615E",
          }
        }
      />
      <div
        className="high"
        style={
          {
            "background": "#29B770",
          }
        }
      />
      <div
        className="high"
        style={
          {
            "background": "#29B770",
          }
        }
      />
      <div
        className="active high"
        style={
          {
            "background": "#29B770",
          }
        }
      />
      <div
        className="high"
        style={
          {
            "background": "#29B770",
          }
        }
      />
      <div
        className="high"
        style={
          {
            "background": "#29B770",
          }
        }
      />
      <div
        className="low"
        style={
          {
            "background": "#FFCC3B",
          }
        }
      />
      <div
        className="low"
        style={
          {
            "background": "#FFCC3B",
          }
        }
      />
      <div
        className="low"
        style={
          {
            "background": "#FFCC3B",
          }
        }
      />
      <div
        className="name"
      >
        Influencing People
      </div>
    </div>
    <div
      className="column"
    >
      <div
        className="medium"
        style={
          {
            "background": "#EF615E",
          }
        }
      />
      <div
        className="medium"
        style={
          {
            "background": "#EF615E",
          }
        }
      />
      <div
        className="medium"
        style={
          {
            "background": "#EF615E",
          }
        }
      />
      <div
        className="medium"
        style={
          {
            "background": "#EF615E",
          }
        }
      />
      <div
        className="medium"
        style={
          {
            "background": "#EF615E",
          }
        }
      />
      <div
        className="medium"
        style={
          {
            "background": "#EF615E",
          }
        }
      />
      <div
        className="active medium"
        style={
          {
            "background": "#EF615E",
          }
        }
      />
      <div
        className="low"
        style={
          {
            "background": "#FFCC3B",
          }
        }
      />
      <div
        className="low"
        style={
          {
            "background": "#FFCC3B",
          }
        }
      />
      <div
        className="low"
        style={
          {
            "background": "#FFCC3B",
          }
        }
      />
      <div
        className="name"
      >
        Managing Pressure
      </div>
    </div>
  </div>
  <div
    className="horizontal"
  >
    <div
      className="labels"
    >
      <div>
        Solving Problems
      </div>
      <div>
        Delivering Results
      </div>
      <div>
        Engaging with People
      </div>
      <div>
        Influencing People
      </div>
      <div>
        Managing Pressure
      </div>
    </div>
    <div
      className="chart"
    >
      <div
        className="grid"
      >
        <div
          className="row"
        >
          <div
            className="medium"
            style={
              {
                "background": "#EF615E",
              }
            }
          />
          <div
            className="high"
            style={
              {
                "background": "#29B770",
              }
            }
          />
          <div
            className="high"
            style={
              {
                "background": "#29B770",
              }
            }
          />
          <div
            className="active high"
            style={
              {
                "background": "#29B770",
              }
            }
          />
          <div
            className="high"
            style={
              {
                "background": "#29B770",
              }
            }
          />
          <div
            className="high"
            style={
              {
                "background": "#29B770",
              }
            }
          />
          <div
            className="high"
            style={
              {
                "background": "#29B770",
              }
            }
          />
          <div
            className="medium"
            style={
              {
                "background": "#EF615E",
              }
            }
          />
          <div
            className="low"
            style={
              {
                "background": "#FFCC3B",
              }
            }
          />
          <div
            className="low"
            style={
              {
                "background": "#FFCC3B",
              }
            }
          />
        </div>
        <div
          className="row"
        >
          <div
            className="low"
            style={
              {
                "background": "#FFCC3B",
              }
            }
          />
          <div
            className="low"
            style={
              {
                "background": "#FFCC3B",
              }
            }
          />
          <div
            className="low"
            style={
              {
                "background": "#FFCC3B",
              }
            }
          />
          <div
            className="active other"
            style={
              {
                "background": "black",
              }
            }
          />
          <div
            className="other"
            style={
              {
                "background": "black",
              }
            }
          />
          <div
            className="other"
            style={
              {
                "background": "black",
              }
            }
          />
          <div
            className="other"
            style={
              {
                "background": "black",
              }
            }
          />
          <div
            className="other"
            style={
              {
                "background": "black",
              }
            }
          />
          <div
            className="other"
            style={
              {
                "background": "black",
              }
            }
          />
          <div
            className="medium"
            style={
              {
                "background": "#EF615E",
              }
            }
          />
        </div>
        <div
          className="row"
        >
          <div
            className="high"
            style={
              {
                "background": "#29B770",
              }
            }
          />
          <div
            className="high"
            style={
              {
                "background": "#29B770",
              }
            }
          />
          <div
            className="high"
            style={
              {
                "background": "#29B770",
              }
            }
          />
          <div
            className="low"
            style={
              {
                "background": "#FFCC3B",
              }
            }
          />
          <div
            className="active low"
            style={
              {
                "background": "#FFCC3B",
              }
            }
          />
          <div
            className="low"
            style={
              {
                "background": "#FFCC3B",
              }
            }
          />
          <div
            className="low"
            style={
              {
                "background": "#FFCC3B",
              }
            }
          />
          <div
            className="low"
            style={
              {
                "background": "#FFCC3B",
              }
            }
          />
          <div
            className="low"
            style={
              {
                "background": "#FFCC3B",
              }
            }
          />
          <div
            className="medium"
            style={
              {
                "background": "#EF615E",
              }
            }
          />
        </div>
        <div
          className="row"
        >
          <div
            className="low"
            style={
              {
                "background": "#FFCC3B",
              }
            }
          />
          <div
            className="low"
            style={
              {
                "background": "#FFCC3B",
              }
            }
          />
          <div
            className="low"
            style={
              {
                "background": "#FFCC3B",
              }
            }
          />
          <div
            className="high"
            style={
              {
                "background": "#29B770",
              }
            }
          />
          <div
            className="high"
            style={
              {
                "background": "#29B770",
              }
            }
          />
          <div
            className="active high"
            style={
              {
                "background": "#29B770",
              }
            }
          />
          <div
            className="high"
            style={
              {
                "background": "#29B770",
              }
            }
          />
          <div
            className="high"
            style={
              {
                "background": "#29B770",
              }
            }
          />
          <div
            className="medium"
            style={
              {
                "background": "#EF615E",
              }
            }
          />
          <div
            className="medium"
            style={
              {
                "background": "#EF615E",
              }
            }
          />
        </div>
        <div
          className="row"
        >
          <div
            className="low"
            style={
              {
                "background": "#FFCC3B",
              }
            }
          />
          <div
            className="low"
            style={
              {
                "background": "#FFCC3B",
              }
            }
          />
          <div
            className="low"
            style={
              {
                "background": "#FFCC3B",
              }
            }
          />
          <div
            className="active medium"
            style={
              {
                "background": "#EF615E",
              }
            }
          />
          <div
            className="medium"
            style={
              {
                "background": "#EF615E",
              }
            }
          />
          <div
            className="medium"
            style={
              {
                "background": "#EF615E",
              }
            }
          />
          <div
            className="medium"
            style={
              {
                "background": "#EF615E",
              }
            }
          />
          <div
            className="medium"
            style={
              {
                "background": "#EF615E",
              }
            }
          />
          <div
            className="medium"
            style={
              {
                "background": "#EF615E",
              }
            }
          />
          <div
            className="medium"
            style={
              {
                "background": "#EF615E",
              }
            }
          />
        </div>
      </div>
      <div
        className="scale"
      >
        <div>
          1
        </div>
        <div>
          2
        </div>
        <div>
          3
        </div>
        <div>
          4
        </div>
        <div>
          5
        </div>
        <div>
          6
        </div>
        <div>
          7
        </div>
        <div>
          8
        </div>
        <div>
          9
        </div>
        <div>
          10
        </div>
      </div>
    </div>
  </div>
</div>
`;

exports[`PersonalityRecommendationChart update sets the data if the guide changes 1`] = `
<div
  className="container"
>
  <div
    className="ranks"
  >
    <div
      className="chartLegendContainer"
    >
      <div
        className="chartLegendColor"
        style={
          {
            "background": "#2FB855",
          }
        }
      />
      <div>
        Preferred
      </div>
    </div>
    <div
      className="chartLegendContainer"
    >
      <div
        className="chartLegendColor"
        style={
          {
            "background": "#FFA721",
          }
        }
      />
      <div>
        Acceptable
      </div>
    </div>
    <div
      className="chartLegendContainer"
    >
      <div
        className="chartLegendColor"
        style={
          {
            "background": "#EE5351",
          }
        }
      />
      <div>
        Potential Risk
      </div>
    </div>
  </div>
  <div
    className="vertical"
  >
    <div
      className="scale"
    >
      <div
        className="label"
      >
        <span>
          10
        </span>
      </div>
      <div
        className="label"
      >
        <span>
          9
        </span>
      </div>
      <div
        className="label"
      >
        <span>
          8
        </span>
      </div>
      <div
        className="label"
      >
        <span>
          7
        </span>
      </div>
      <div
        className="label"
      >
        <span>
          6
        </span>
      </div>
      <div
        className="label"
      >
        <span>
          5
        </span>
      </div>
      <div
        className="label"
      >
        <span>
          4
        </span>
      </div>
      <div
        className="label"
      >
        <span>
          3
        </span>
      </div>
      <div
        className="label"
      >
        <span>
          2
        </span>
      </div>
      <div
        className="label"
      >
        <span>
          1
        </span>
      </div>
    </div>
    <div
      className="column"
    >
      <div
        className="low"
        style={
          {
            "background": "#FFCC3B",
          }
        }
      />
      <div
        className="low"
        style={
          {
            "background": "#FFCC3B",
          }
        }
      />
      <div
        className="medium"
        style={
          {
            "background": "#EF615E",
          }
        }
      />
      <div
        className="high"
        style={
          {
            "background": "#29B770",
          }
        }
      />
      <div
        className="high"
        style={
          {
            "background": "#29B770",
          }
        }
      />
      <div
        className="high"
        style={
          {
            "background": "#29B770",
          }
        }
      />
      <div
        className="active high"
        style={
          {
            "background": "#29B770",
          }
        }
      />
      <div
        className="high"
        style={
          {
            "background": "#29B770",
          }
        }
      />
      <div
        className="high"
        style={
          {
            "background": "#29B770",
          }
        }
      />
      <div
        className="medium"
        style={
          {
            "background": "#EF615E",
          }
        }
      />
      <div
        className="name"
      >
        Updated Name
      </div>
    </div>
    <div
      className="column"
    >
      <div
        className="medium"
        style={
          {
            "background": "#EF615E",
          }
        }
      />
      <div
        className="other"
        style={
          {
            "background": "black",
          }
        }
      />
      <div
        className="other"
        style={
          {
            "background": "black",
          }
        }
      />
      <div
        className="other"
        style={
          {
            "background": "black",
          }
        }
      />
      <div
        className="other"
        style={
          {
            "background": "black",
          }
        }
      />
      <div
        className="other"
        style={
          {
            "background": "black",
          }
        }
      />
      <div
        className="active other"
        style={
          {
            "background": "black",
          }
        }
      />
      <div
        className="low"
        style={
          {
            "background": "#FFCC3B",
          }
        }
      />
      <div
        className="low"
        style={
          {
            "background": "#FFCC3B",
          }
        }
      />
      <div
        className="low"
        style={
          {
            "background": "#FFCC3B",
          }
        }
      />
      <div
        className="name"
      >
        Delivering Results
      </div>
    </div>
    <div
      className="column"
    >
      <div
        className="medium"
        style={
          {
            "background": "#EF615E",
          }
        }
      />
      <div
        className="low"
        style={
          {
            "background": "#FFCC3B",
          }
        }
      />
      <div
        className="low"
        style={
          {
            "background": "#FFCC3B",
          }
        }
      />
      <div
        className="low"
        style={
          {
            "background": "#FFCC3B",
          }
        }
      />
      <div
        className="low"
        style={
          {
            "background": "#FFCC3B",
          }
        }
      />
      <div
        className="active low"
        style={
          {
            "background": "#FFCC3B",
          }
        }
      />
      <div
        className="low"
        style={
          {
            "background": "#FFCC3B",
          }
        }
      />
      <div
        className="high"
        style={
          {
            "background": "#29B770",
          }
        }
      />
      <div
        className="high"
        style={
          {
            "background": "#29B770",
          }
        }
      />
      <div
        className="high"
        style={
          {
            "background": "#29B770",
          }
        }
      />
      <div
        className="name"
      >
        Engaging with People
      </div>
    </div>
    <div
      className="column"
    >
      <div
        className="medium"
        style={
          {
            "background": "#EF615E",
          }
        }
      />
      <div
        className="medium"
        style={
          {
            "background": "#EF615E",
          }
        }
      />
      <div
        className="high"
        style={
          {
            "background": "#29B770",
          }
        }
      />
      <div
        className="high"
        style={
          {
            "background": "#29B770",
          }
        }
      />
      <div
        className="active high"
        style={
          {
            "background": "#29B770",
          }
        }
      />
      <div
        className="high"
        style={
          {
            "background": "#29B770",
          }
        }
      />
      <div
        className="high"
        style={
          {
            "background": "#29B770",
          }
        }
      />
      <div
        className="low"
        style={
          {
            "background": "#FFCC3B",
          }
        }
      />
      <div
        className="low"
        style={
          {
            "background": "#FFCC3B",
          }
        }
      />
      <div
        className="low"
        style={
          {
            "background": "#FFCC3B",
          }
        }
      />
      <div
        className="name"
      >
        Influencing People
      </div>
    </div>
    <div
      className="column"
    >
      <div
        className="medium"
        style={
          {
            "background": "#EF615E",
          }
        }
      />
      <div
        className="medium"
        style={
          {
            "background": "#EF615E",
          }
        }
      />
      <div
        className="medium"
        style={
          {
            "background": "#EF615E",
          }
        }
      />
      <div
        className="medium"
        style={
          {
            "background": "#EF615E",
          }
        }
      />
      <div
        className="medium"
        style={
          {
            "background": "#EF615E",
          }
        }
      />
      <div
        className="medium"
        style={
          {
            "background": "#EF615E",
          }
        }
      />
      <div
        className="active medium"
        style={
          {
            "background": "#EF615E",
          }
        }
      />
      <div
        className="low"
        style={
          {
            "background": "#FFCC3B",
          }
        }
      />
      <div
        className="low"
        style={
          {
            "background": "#FFCC3B",
          }
        }
      />
      <div
        className="low"
        style={
          {
            "background": "#FFCC3B",
          }
        }
      />
      <div
        className="name"
      >
        Managing Pressure
      </div>
    </div>
  </div>
  <div
    className="horizontal"
  >
    <div
      className="labels"
    >
      <div>
        Updated Name
      </div>
      <div>
        Delivering Results
      </div>
      <div>
        Engaging with People
      </div>
      <div>
        Influencing People
      </div>
      <div>
        Managing Pressure
      </div>
    </div>
    <div
      className="chart"
    >
      <div
        className="grid"
      >
        <div
          className="row"
        >
          <div
            className="medium"
            style={
              {
                "background": "#EF615E",
              }
            }
          />
          <div
            className="high"
            style={
              {
                "background": "#29B770",
              }
            }
          />
          <div
            className="high"
            style={
              {
                "background": "#29B770",
              }
            }
          />
          <div
            className="active high"
            style={
              {
                "background": "#29B770",
              }
            }
          />
          <div
            className="high"
            style={
              {
                "background": "#29B770",
              }
            }
          />
          <div
            className="high"
            style={
              {
                "background": "#29B770",
              }
            }
          />
          <div
            className="high"
            style={
              {
                "background": "#29B770",
              }
            }
          />
          <div
            className="medium"
            style={
              {
                "background": "#EF615E",
              }
            }
          />
          <div
            className="low"
            style={
              {
                "background": "#FFCC3B",
              }
            }
          />
          <div
            className="low"
            style={
              {
                "background": "#FFCC3B",
              }
            }
          />
        </div>
        <div
          className="row"
        >
          <div
            className="low"
            style={
              {
                "background": "#FFCC3B",
              }
            }
          />
          <div
            className="low"
            style={
              {
                "background": "#FFCC3B",
              }
            }
          />
          <div
            className="low"
            style={
              {
                "background": "#FFCC3B",
              }
            }
          />
          <div
            className="active other"
            style={
              {
                "background": "black",
              }
            }
          />
          <div
            className="other"
            style={
              {
                "background": "black",
              }
            }
          />
          <div
            className="other"
            style={
              {
                "background": "black",
              }
            }
          />
          <div
            className="other"
            style={
              {
                "background": "black",
              }
            }
          />
          <div
            className="other"
            style={
              {
                "background": "black",
              }
            }
          />
          <div
            className="other"
            style={
              {
                "background": "black",
              }
            }
          />
          <div
            className="medium"
            style={
              {
                "background": "#EF615E",
              }
            }
          />
        </div>
        <div
          className="row"
        >
          <div
            className="high"
            style={
              {
                "background": "#29B770",
              }
            }
          />
          <div
            className="high"
            style={
              {
                "background": "#29B770",
              }
            }
          />
          <div
            className="high"
            style={
              {
                "background": "#29B770",
              }
            }
          />
          <div
            className="low"
            style={
              {
                "background": "#FFCC3B",
              }
            }
          />
          <div
            className="active low"
            style={
              {
                "background": "#FFCC3B",
              }
            }
          />
          <div
            className="low"
            style={
              {
                "background": "#FFCC3B",
              }
            }
          />
          <div
            className="low"
            style={
              {
                "background": "#FFCC3B",
              }
            }
          />
          <div
            className="low"
            style={
              {
                "background": "#FFCC3B",
              }
            }
          />
          <div
            className="low"
            style={
              {
                "background": "#FFCC3B",
              }
            }
          />
          <div
            className="medium"
            style={
              {
                "background": "#EF615E",
              }
            }
          />
        </div>
        <div
          className="row"
        >
          <div
            className="low"
            style={
              {
                "background": "#FFCC3B",
              }
            }
          />
          <div
            className="low"
            style={
              {
                "background": "#FFCC3B",
              }
            }
          />
          <div
            className="low"
            style={
              {
                "background": "#FFCC3B",
              }
            }
          />
          <div
            className="high"
            style={
              {
                "background": "#29B770",
              }
            }
          />
          <div
            className="high"
            style={
              {
                "background": "#29B770",
              }
            }
          />
          <div
            className="active high"
            style={
              {
                "background": "#29B770",
              }
            }
          />
          <div
            className="high"
            style={
              {
                "background": "#29B770",
              }
            }
          />
          <div
            className="high"
            style={
              {
                "background": "#29B770",
              }
            }
          />
          <div
            className="medium"
            style={
              {
                "background": "#EF615E",
              }
            }
          />
          <div
            className="medium"
            style={
              {
                "background": "#EF615E",
              }
            }
          />
        </div>
        <div
          className="row"
        >
          <div
            className="low"
            style={
              {
                "background": "#FFCC3B",
              }
            }
          />
          <div
            className="low"
            style={
              {
                "background": "#FFCC3B",
              }
            }
          />
          <div
            className="low"
            style={
              {
                "background": "#FFCC3B",
              }
            }
          />
          <div
            className="active medium"
            style={
              {
                "background": "#EF615E",
              }
            }
          />
          <div
            className="medium"
            style={
              {
                "background": "#EF615E",
              }
            }
          />
          <div
            className="medium"
            style={
              {
                "background": "#EF615E",
              }
            }
          />
          <div
            className="medium"
            style={
              {
                "background": "#EF615E",
              }
            }
          />
          <div
            className="medium"
            style={
              {
                "background": "#EF615E",
              }
            }
          />
          <div
            className="medium"
            style={
              {
                "background": "#EF615E",
              }
            }
          />
          <div
            className="medium"
            style={
              {
                "background": "#EF615E",
              }
            }
          />
        </div>
      </div>
      <div
        className="scale"
      >
        <div>
          1
        </div>
        <div>
          2
        </div>
        <div>
          3
        </div>
        <div>
          4
        </div>
        <div>
          5
        </div>
        <div>
          6
        </div>
        <div>
          7
        </div>
        <div>
          8
        </div>
        <div>
          9
        </div>
        <div>
          10
        </div>
      </div>
    </div>
  </div>
</div>
`;

exports[`PersonalityRecommendationChart update sets the data if the guide's removed 1`] = `null`;
